[www.theprimeapeplanetmint.com/index.html]
[www.theprimeapeplanetmint.com/images/favicon.png]
[www.theprimeapeplanetmint.com/maxst.icons8.com/vue-static/landings/line-awesome/line-awesome/1.3.0/css/line-awesome.min.css]
[www.theprimeapeplanetmint.com/css/animate.css]
[www.theprimeapeplanetmint.com/css/slick.css]
[www.theprimeapeplanetmint.com/css/slick-theme.css]
[www.theprimeapeplanetmint.com/css/bootstrap.css]
[backblue.gif]
[fade.gif]
[index.html]
[www.theprimeapeplanetmint.com/style.css]
[www.theprimeapeplanetmint.com/index-2.html]
[www.theprimeapeplanetmint.com/static/css/main.229ff425.chunk.css]
[connect.facebook.net/en_US/fbevents.js]
[www.theprimeapeplanetmint.com/images/logo.png]
[www.theprimeapeplanetmint.com/images/man-v1.png]
[www.theprimeapeplanetmint.com/images/scroll-text.png]
[www.theprimeapeplanetmint.com/images/gary.png]
[www.theprimeapeplanetmint.com/images/verified.png]
[www.theprimeapeplanetmint.com/images/jake.png]
[www.theprimeapeplanetmint.com/images/about-image.png]
[www.theprimeapeplanetmint.com/images/about-offset-image.png]
[www.theprimeapeplanetmint.com/images/avatar_kurtis.png]
[www.theprimeapeplanetmint.com/images/avatar_travis.png]
[www.theprimeapeplanetmint.com/images/avatar_chris.png]
[www.theprimeapeplanetmint.com/images/footer-logo.png]
[www.theprimeapeplanetmint.com/images/partner-logo.png]
[www.theprimeapeplanetmint.com/images/instra.png]
[www.theprimeapeplanetmint.com/images/twitter.png]
[www.theprimeapeplanetmint.com/js/jquery-3.2.0.min.js]
[www.theprimeapeplanetmint.com/js/bootstrap.js]
[www.theprimeapeplanetmint.com/kit.fontawesome.com/d796c06ff3.js]
[www.theprimeapeplanetmint.com/js/jquery-equal-height.js]
[www.theprimeapeplanetmint.com/js/splittext.min.js]
[www.theprimeapeplanetmint.com/js/wow.min.js]
[www.theprimeapeplanetmint.com/js/slick.js]
[www.theprimeapeplanetmint.com/js/gsap.min.js]
[www.theprimeapeplanetmint.com/js/in-view.min.js]
[www.theprimeapeplanetmint.com/js/common.js]
[www.theprimeapeplanetmint.com/static/js/2.9b8ac2d2.chunk.js]
[www.theprimeapeplanetmint.com/static/js/main.fbc5fa29.chunk.js]
[cdn.jsdelivr.net/npm/web3@latest/dist/web3.min.js]
[ajax.googleapis.com/ajax/libs/jquery/3.1.1/jquery.min.js]
[www.theprimeapeplanetmint.com/index.html]
[www.theprimeapeplanetmint.com/maxst.icons8.com/vue-static/landings/line-awesome/line-awesome/1.3.0/css/line-awesome.min.css]
[www.theprimeapeplanetmint.com/css/animate.css]
[www.theprimeapeplanetmint.com/css/slick.css]
[www.theprimeapeplanetmint.com/css/ajax-loader.gif]
[www.theprimeapeplanetmint.com/fonts/slick.eot]
[www.theprimeapeplanetmint.com/fonts/slickd41dd41dd41d.eot]
[www.theprimeapeplanetmint.com/fonts/slick.woff]
[www.theprimeapeplanetmint.com/fonts/slick.ttf]
[www.theprimeapeplanetmint.com/css/slick-theme.css]
[www.theprimeapeplanetmint.com/css/bootstrap.css]
[www.theprimeapeplanetmint.com/cdnjs.cloudflare.com/ajax/libs/font-awesome/5.13.0/css/all.min.css]
[www.theprimeapeplanetmint.com/fonts/LemonMilkitalic.eot]
[www.theprimeapeplanetmint.com/fonts/LemonMilkitalicd41dd41dd41d.eot]
[www.theprimeapeplanetmint.com/fonts/LemonMilkitalic.woff]
[www.theprimeapeplanetmint.com/fonts/LemonMilkitalic.ttf]
[www.theprimeapeplanetmint.com/fonts/LemonMilkbold.eot]
[www.theprimeapeplanetmint.com/fonts/LemonMilkboldd41dd41dd41d.eot]
[www.theprimeapeplanetmint.com/fonts/LemonMilkbold.woff]
[www.theprimeapeplanetmint.com/fonts/LemonMilkbold.ttf]
[www.theprimeapeplanetmint.com/fonts/LemonMilkbolditalic.eot]
[www.theprimeapeplanetmint.com/fonts/LemonMilkbolditalicd41dd41dd41d.eot]
[www.theprimeapeplanetmint.com/fonts/LemonMilkbolditalic.woff]
[www.theprimeapeplanetmint.com/fonts/LemonMilkbolditalic.ttf]
[www.theprimeapeplanetmint.com/fonts/LemonMilklight.eot]
[www.theprimeapeplanetmint.com/fonts/LemonMilklightd41dd41dd41d.eot]
[www.theprimeapeplanetmint.com/fonts/LemonMilklight.woff]
[www.theprimeapeplanetmint.com/fonts/LemonMilklight.ttf]
[www.theprimeapeplanetmint.com/fonts/LemonMilklightitalic.eot]
[www.theprimeapeplanetmint.com/fonts/LemonMilklightitalicd41dd41dd41d.eot]
[www.theprimeapeplanetmint.com/fonts/LemonMilklightitalic.woff]
[www.theprimeapeplanetmint.com/fonts/LemonMilklightitalic.ttf]
[www.theprimeapeplanetmint.com/fonts/LemonMilk.eot]
[www.theprimeapeplanetmint.com/fonts/LemonMilkd41dd41dd41d.eot]
[www.theprimeapeplanetmint.com/fonts/LemonMilk.woff]
[www.theprimeapeplanetmint.com/fonts/LemonMilk.ttf]
[www.theprimeapeplanetmint.com/images/bg-banner-v12.jpg]
[www.theprimeapeplanetmint.com/images/down-arrow.png]
[www.theprimeapeplanetmint.com/style.css]
[www.theprimeapeplanetmint.com/index-2.html]
[www.theprimeapeplanetmint.com/i.ibb.co/W5XrFFr/bann5.html]
[www.theprimeapeplanetmint.com/static/css/main.229ff425.chunk.css]
[connect.facebook.net/en_US/fbevents.js]
[www.theprimeapeplanetmint.com/images/text-v1.svg]
[www.theprimeapeplanetmint.com/fonts/slick.svg]
[www.theprimeapeplanetmint.com/index-3.html]
[www.theprimeapeplanetmint.com/cdnjs.cloudflare.com/ajax/libs/font-awesome/5.13.0/css/all.min.css]
[www.theprimeapeplanetmint.com/fonts/LemonMilkitalic.html]
[www.theprimeapeplanetmint.com/fonts/LemonMilkitalic.svg]
[www.theprimeapeplanetmint.com/fonts/LemonMilkbold.html]
[www.theprimeapeplanetmint.com/fonts/LemonMilkbold.svg]
[www.theprimeapeplanetmint.com/fonts/LemonMilkbolditalic.html]
[www.theprimeapeplanetmint.com/fonts/LemonMilkbolditalic.svg]
[www.theprimeapeplanetmint.com/fonts/LemonMilklight.html]
[www.theprimeapeplanetmint.com/fonts/LemonMilklight.svg]
[www.theprimeapeplanetmint.com/fonts/LemonMilklightitalic.html]
[www.theprimeapeplanetmint.com/fonts/LemonMilklightitalic.svg]
[www.theprimeapeplanetmint.com/fonts/LemonMilk.html]
[www.theprimeapeplanetmint.com/fonts/LemonMilk.svg]
[www.theprimeapeplanetmint.com/images/arrow_bottom.svg]
[www.theprimeapeplanetmint.com/images/calender.svg]
[www.theprimeapeplanetmint.com/images/clock.svg]
[www.theprimeapeplanetmint.com/assets/images/header-smoke.html]
[www.theprimeapeplanetmint.com/c.html]
[www.theprimeapeplanetmint.com/b.html]
[www.theprimeapeplanetmint.com/POST.html]
